// Jest Snapshot v1, https://goo.gl/fbAQLP

exports[`SectorTag matches snapshot 1`] = `ShallowWrapper {}`;
