// Jest Snapshot v1, https://goo.gl/fbAQLP

exports[`Grid matches snapshot 1`] = `ShallowWrapper {}`;
