// Jest Snapshot v1, https://goo.gl/fbAQLP

exports[`CompanyDetailInline matches snapshot 1`] = `ShallowWrapper {}`;
