// Jest Snapshot v1, https://goo.gl/fbAQLP

exports[`UserIcon matches snapshot 1`] = `ShallowWrapper {}`;
