// Jest Snapshot v1, https://goo.gl/fbAQLP

exports[`TabMenu matches snapshot 1`] = `ShallowWrapper {}`;
