// Jest Snapshot v1, https://goo.gl/fbAQLP

exports[`Checkbox matches snapshot 1`] = `ShallowWrapper {}`;
