// Jest Snapshot v1, https://goo.gl/fbAQLP

exports[`FooterCTAs matches snapshot 1`] = `ShallowWrapper {}`;
