// Jest Snapshot v1, https://goo.gl/fbAQLP

exports[`CompanyItem matches snapshot 1`] = `ShallowWrapper {}`;
