// Jest Snapshot v1, https://goo.gl/fbAQLP

exports[`Dropdown matches snapshot 1`] = `ShallowWrapper {}`;
