// Jest Snapshot v1, https://goo.gl/fbAQLP

exports[`SearchResultBlock matches snapshot 1`] = `ShallowWrapper {}`;
