// Jest Snapshot v1, https://goo.gl/fbAQLP

exports[`ShowText matches snapshot 1`] = `ShallowWrapper {}`;
