// Jest Snapshot v1, https://goo.gl/fbAQLP

exports[`TagsSection matches snapshot 1`] = `ShallowWrapper {}`;
