// Jest Snapshot v1, https://goo.gl/fbAQLP

exports[`CategoryMapInline matches snapshot 1`] = `ShallowWrapper {}`;
