// Jest Snapshot v1, https://goo.gl/fbAQLP

exports[`AggregatedSource matches snapshot 1`] = `ShallowWrapper {}`;
