// Jest Snapshot v1, https://goo.gl/fbAQLP

exports[`AddCompanyBlock matches snapshot 1`] = `ShallowWrapper {}`;
