// Jest Snapshot v1, https://goo.gl/fbAQLP

exports[`UploadDocumentation matches snapshot 1`] = `ShallowWrapper {}`;
