// Jest Snapshot v1, https://goo.gl/fbAQLP

exports[`Pill matches snapshot 1`] = `ShallowWrapper {}`;
