// Jest Snapshot v1, https://goo.gl/fbAQLP

exports[`SearchResults matches snapshot 1`] = `ShallowWrapper {}`;
