// Jest Snapshot v1, https://goo.gl/fbAQLP

exports[`TagMapping matches snapshot 1`] = `ShallowWrapper {}`;
