// Jest Snapshot v1, https://goo.gl/fbAQLP

exports[`CompanyDetailFinancials matches snapshot 1`] = `ShallowWrapper {}`;
