// Jest Snapshot v1, https://goo.gl/fbAQLP

exports[`CompanyDetail matches snapshot 1`] = `ShallowWrapper {}`;
