// Jest Snapshot v1, https://goo.gl/fbAQLP

exports[`SideSummary matches snapshot 1`] = `ShallowWrapper {}`;
