// Jest Snapshot v1, https://goo.gl/fbAQLP

exports[`CompanyDetailInlineInvestors matches snapshot 1`] = `ShallowWrapper {}`;
