// Jest Snapshot v1, https://goo.gl/fbAQLP

exports[`TagGroup matches snapshot 1`] = `ShallowWrapper {}`;
