// Jest Snapshot v1, https://goo.gl/fbAQLP

exports[`Radio matches snapshot 1`] = `ShallowWrapper {}`;
