// Jest Snapshot v1, https://goo.gl/fbAQLP

exports[`CompanyDetailOverview matches snapshot 1`] = `ShallowWrapper {}`;
