// Jest Snapshot v1, https://goo.gl/fbAQLP

exports[`RadioGroup matches snapshot 1`] = `ShallowWrapper {}`;
