// Jest Snapshot v1, https://goo.gl/fbAQLP

exports[`DownloadCompanyData matches snapshot 1`] = `ShallowWrapper {}`;
